[themewagon.github.io/furni/index9130.html]
[themewagon.github.io/furni/favicon.png]
[themewagon.github.io/furni/css/bootstrap.min.css]
[cdnjs.cloudflare.com/ajax/libs/font-awesome/6.0.0-beta3/css/all.min.css]
[themewagon.github.io/furni/css/tiny-slider.css]
[backblue.gif]
[fade.gif]
[index.html]
[themewagon.github.io/furni/css/style.css]
[themewagon.github.io/furni/index.html]
[themewagon.github.io/furni/shop.html]
[themewagon.github.io/furni/about.html]
[themewagon.github.io/furni/services.html]
[themewagon.github.io/furni/blog.html]
[themewagon.github.io/furni/contact.html]
[themewagon.github.io/furni/images/user.svg]
[themewagon.github.io/furni/cart.html]
[themewagon.github.io/furni/images/cart.svg]
[themewagon.github.io/furni/images/couch.png]
[themewagon.github.io/furni/images/product-1.png]
[themewagon.github.io/furni/images/product-2.png]
[themewagon.github.io/furni/images/product-3.png]
[themewagon.github.io/furni/images/truck.svg]
[themewagon.github.io/furni/images/bag.svg]
[themewagon.github.io/furni/images/support.svg]
[themewagon.github.io/furni/images/return.svg]
[themewagon.github.io/furni/images/why-choose-us-img.jpg]
[themewagon.github.io/furni/images/img-grid-1.jpg]
[themewagon.github.io/furni/images/img-grid-2.jpg]
[themewagon.github.io/furni/images/img-grid-3.jpg]
[themewagon.github.io/furni/images/person-1.png]
[themewagon.github.io/furni/images/post-1.jpg]
[themewagon.github.io/furni/images/post-2.jpg]
[themewagon.github.io/furni/images/post-3.jpg]
[themewagon.github.io/furni/images/sofa.png]
[themewagon.github.io/furni/images/envelope-outline.svg]
[themewagon.github.io/furni/js/bootstrap.bundle.min.js]
[themewagon.github.io/furni/js/tiny-slider.js]
[themewagon.github.io/furni/js/custom.js]
[themewagon.github.io/furni/index9130.html]
[themewagon.github.io/furni/css/bootstrap.min.css]
[cdnjs.cloudflare.com/ajax/libs/font-awesome/6.0.0-beta3/css/all.min.css]
[themewagon.github.io/furni/css/tiny-slider.css]
[themewagon.github.io/furni/images/dots-light.svg]
[themewagon.github.io/furni/images/dots-yellow.svg]
[themewagon.github.io/furni/images/dots-green.svg]
[themewagon.github.io/furni/css/style.css]
[themewagon.github.io/furni/index.html]
[themewagon.github.io/furni/shop.html]
[themewagon.github.io/furni/images/person_1.jpg]
[themewagon.github.io/furni/images/person_2.jpg]
[themewagon.github.io/furni/images/person_3.jpg]
[themewagon.github.io/furni/images/person_4.jpg]
[themewagon.github.io/furni/about.html]
[themewagon.github.io/furni/services.html]
[themewagon.github.io/furni/blog.html]
[themewagon.github.io/furni/contact.html]
[themewagon.github.io/furni/images/user.svg]
[themewagon.github.io/furni/checkout.html]
[themewagon.github.io/furni/cart.html]
[themewagon.github.io/furni/images/cart.svg]
[themewagon.github.io/furni/images/cross.svg]
[themewagon.github.io/furni/images/truck.svg]
[themewagon.github.io/furni/images/bag.svg]
[themewagon.github.io/furni/images/support.svg]
[themewagon.github.io/furni/images/return.svg]
[themewagon.github.io/furni/images/envelope-outline.svg]
[themewagon.github.io/furni/images/dots-light.svg]
[themewagon.github.io/furni/images/dots-yellow.svg]
[themewagon.github.io/furni/images/dots-green.svg]
[themewagon.github.io/furni/thankyou.html]
[themewagon.github.io/furni/checkout.html]
[themewagon.github.io/furni/thankyou.html]
